
> Configure project :
Using runtime libs from C:\Users\henri\Desktop\Antigravity\ShootOFF\vendor\runtime-libs

> Task :compileJava FAILED
.\gradlew : C:\Users\he
nri\Desktop\Antigravity
\ShootOFF\src\main\java
\com\shootoff\plugins\A
rmyTableVIQualification
.java:128: error: 
cannot find symbol
At line:1 char:1
+ .\gradlew 
compileJava 
--console=plain > 
build_output.txt 2>&1
+ ~~~~~~~~~~~~~~~~~~~~~
~~~~~~~~~~~~~~~~~~~~~~~
~~~~~~~~~~~~~~~~~
    + CategoryInfo     
         : NotSpecifi  
  ed: (C:\Users\henr   
 i\...not find symb    
ol:String) [], Rem    
oteException
    + FullyQualifiedEr 
   rorId : NativeComm  
  andError
 
						double maxW = 
arenaWidth - 
target.getWidth();
						                 
                ^
  symbol:   method 
getWidth()
  location: variable 
target of type Target
C:\Users\henri\Desktop\
Antigravity\ShootOFF\sr
c\main\java\com\shootof
f\plugins\ArmyTableVIQu
alification.java:129: 
error: cannot find 
symbol
						double maxH = 
arenaHeight - 
target.getHeight();
						                 
                 ^
  symbol:   method 
getHeight()
  location: variable 
target of type Target
2 errors

[Incubating] Problems report is available at: file:///C:/Users/henri/Desktop/Antigravity/ShootOFF/build/reports/problems/problems-report.html

FAILURE: Build failed 
with an exception.

* What went wrong:
Execution failed for 
task ':compileJava'.
> Compilation failed; 
see the compiler 
output below.
  C:\Users\henri\Deskto
p\Antigravity\ShootOFF\
src\main\java\com\shoot
off\plugins\ArmyTableVI
Qualification.java:128:
 error: cannot find 
symbol
  						double maxW = 
arenaWidth - 
target.getWidth();
  						               
                  ^
    symbol:   method 
getWidth()
    location: variable 
target of type Target
  C:\Users\henri\Deskto
p\Antigravity\ShootOFF\
src\main\java\com\shoot
off\plugins\ArmyTableVI
Qualification.java:129:
 error: cannot find 
symbol
  						double maxH = 
arenaHeight - 
target.getHeight();
  						               
                   ^
    symbol:   method 
getHeight()
    location: variable 
target of type Target
  2 errors

* Try:
> Check your code and 
dependencies to fix 
the compilation 
error(s)
> Run with --scan to 
get full insights from 
a Build Scan (powered 
by Develocity).

BUILD FAILED in 1s
1 actionable task: 1 executed
